// Jest Snapshot v1, https://goo.gl/fbAQLP

exports[`Items.vue Matches its snapshot 1`] = `
<div>
  <div>
    Loading...
  </div>
</div>
`;
